16
40 21 17 12 36 22 35 0 25 27 7 13 10 24 41 31 
